-----BEGIN CERTIFICATE-----
MIIESDCCAzCgAwIBAgIURn2qjFnI3rJQXVCqKcRx9Xtr1fEwDQYJKoZIhvcNAQEL
BQAwZjELMAkGA1UEBhMCU0UxEjAQBgNVBAgMCU1pbGt5IFdheTEOMAwGA1UEBwwF
RWFydGgxDjAMBgNVBAoMBVNVTkVUMQ8wDQYDVQQLDAZ2YyBEZXYxEjAQBgNVBAMM
CXZjX2Rldl9jYTAeFw0yNTA1MTMxMTI1NDVaFw0yNzA1MTMxMTI1NDVaMHAxCzAJ
BgNVBAYTAlNFMRIwEAYDVQQIDAlNaWxreSBXYXkxDjAMBgNVBAcMBUVhcnRoMQ4w
DAYDVQQKDAVTVU5FVDEWMBQGA1UECwwNdmNfZGV2X3Jvb3RDQTEVMBMGA1UEAwwM
dmNfZGV2X2FwaWd3MIIBIjANBgkqhkiG9w0BAQEFAAOCAQ8AMIIBCgKCAQEAomsQ
Pyzl/EdHLqmH/WqJ3D3eN73nSwv2ejC7q5moDuoh68b5u/RCtHB8Om6Pi0lIeYhr
in3lJc183JsZmyG+nl81nM2vBwIVHErRT+bNGK+eMQMfkd7cZDoOTXXxH2iGoj08
iXRKA22BF3vZRlFN1u+2NESuI6K5UP2ipWR5fIAsnREtZDM2ZQ/LMfKdYwphaszZ
zqCZ+xdwV27Zv9jPy0IpcBSbpK3wEcdvIHDPOoSJBnxJzNqE0/WnF9OH3YAriLJC
nWy3L8OShiKZVSHoN5weFVmkv8Bdcd08/7ck0PEpuqr0RmW8tTLMvTKhV4eEbf3O
MkhUiOCu1+OtLAzjFQIDAQABo4HjMIHgMIGNBgNVHSMEgYUwgYKhaqRoMGYxCzAJ
BgNVBAYTAlNFMRIwEAYDVQQIDAlNaWxreSBXYXkxDjAMBgNVBAcMBUVhcnRoMQ4w
DAYDVQQKDAVTVU5FVDEPMA0GA1UECwwGdmMgRGV2MRIwEAYDVQQDDAl2Y19kZXZf
Y2GCFGHy/QHKtuebH2CAUa2K2yU5DtApMAkGA1UdEwQCMAAwCwYDVR0PBAQDAgTw
MBcGA1UdEQQQMA6CDHZjX2Rldl9hcGlndzAdBgNVHQ4EFgQUdMGm0TpGBkTnojJF
1Y7bEMgv+uwwDQYJKoZIhvcNAQELBQADggEBAK4B2pJelClLjV2GYxAt52Rfc6d8
6VU2wYsMErt9EpAoEDA1MGf43ODY8nmQ+Uprt4wnz/ea8EfOmkyxgvXrrTRgfY0t
sj7ma3sd2fxfl7FKItzhqHh+rczRg9E3qUvqNF4JM2evIqnt+KTYx5HZ/akSNW+s
MT52ZBe+ZkTxb7ie+qKnS2Ssw5gV+RLoidxY+v84wFO9UIJFQ3u4Kno0rT3elUIh
z/TCic5uHFAPNIq/v/b66ZdOHPnWc4EDBZPDdCcEklGo0twbPACFYvhFbs1d9n/r
gKlwfPFZQME9mwpcbuY5qzF/Pa64POdJ7F75+pxVrXnpyli5hwWu8t2CKw0=
-----END CERTIFICATE-----