eyJhbGciOiJFUzI1NiIsImtpZCI6ImRlZmF1bHRfc2lnbmluZ19rZXlfaWQiLCJ0eXAiOiJ2YytzZC1qd3QiLCJ2Y3RtIjpbImV5SjJZM1FpT2lKMWNtNDZaWFZrYVRwd2FXUTZNU0lzSW01aGJXVWlPaUpGZUdGdGNHeGxJRUZTUmlBeExqVWdVRWxFSUZORUxVcFhWQ0JXUTFSTklpd2laR1Z6WTNKcGNIUnBiMjRpT2lKRmVHRnRjR3hsSUZCSlJDQlRSQzFLVjFRZ1ZtVnlhV1pwWVdKc1pTQkRjbVZrWlc1MGFXRn
NJRlI1Y0dVZ1RXVjBZV1JoZEdFc0lHSmhjMlZrSUc5dUlHbGxkR1l0YjJGMWRHZ3RjMlF0YW5kMExYWmpJQ2hrY21GbWRDQXdPU2tzSUhWemFXNW5JR0VnYzJsdVoyeGxJR3hoYm1kMVlXZGxJSFJoWnlBb1pXNHRWVk1wTGlCQlpHaGxjbVZ6SUhSdklGQkpSQ0JTZFd4bFltOXZheUJCVWtZZ01TNDFJQ2gxY200NlpYVXVaWFZ5YjNCaExtVmpMbVYxWkdrNmNHbGtPakVwTGlJc0lpUmpiMjF0Wlc1MElqb2lTVzF3YkdWdFpXNTBZWFJwYjI0Z2IyWWdkR2hwY3lCbGVHRnRjR3hsSUZaRFZFMGdiV0Y1SUhKbGNYVnBjbVVnVFdWdFltVnlJRk4wWVhSbDRvQ1RjM0JsWTJs
bWFXTWdZMnhoY21sbWFXTmhkR2x2Ym5NZ2RHOGdZV3hwWjI0Z2QybDBhQ0J1WVhScGIyNWhiQ0J3YjJ4cFkybGxjeUJuYjNabGNtNXBibWNnZEdobElHUnBjM0JzWVhrZ2IyWWdhVzVqYkhWa1pXUWdZMnhoYVcxekxpSXNJbVJwYzNCc1lYa2lPbHQ3SW14aGJtY2lPaUpsYmkxVlV5SXNJbTVoYldVaU9pSkJVa1lnTVM0MUlGQkpSQ0JUUkMxS1YxUWdWa01pTENKa1pYTmpjbWx3ZEdsdmJpSTZJbEJsY25OdmJpQkpaR1Z1ZEdsbWFXTmhkR2x2YmlCRVlYUmhJQ2hRU1VRcElGTkVMVXBYVkNCV1F5NGdRV1JvWlhKbGN5QjBieUJRU1VRZ1VuVnNaV0p2YjJzZ1FWSkdJRE
V1TlNBb2RYSnVPbVYxTG1WMWNtOXdZUzVsWXk1bGRXUnBPbkJwWkRveEtTNGlMQ0p5Wlc1a1pYSnBibWNpT25zaWMybHRjR3hsSWpwN0lteHZaMjhpT25zaWRYSnBJam9pSWl3aWRYSnBJMmx1ZEdWbmNtbDBlU0k2SWlJc0ltRnNkRjkwWlhoMElqb2lJbjBzSW1KaFkydG5jbTkxYm1SZlkyOXNiM0lpT2lJaUxDSjBaWGgwWDJOdmJHOXlJam9pSW4wc0luTjJaMTkwWlcxd2JHRjBaWE1pT2x0N0luVnlhU0k2SW1oMGRIQnpPaTh2WkdWdGJ5MXBjM04xWlhJdWQzZDNZV3hzWlhRdWIzSm5MM0IxWW14cFl5OWpjbVZrY3k5d2FXUXZjR1Z5YzI5dUxXbGtaVzUwYVdacFky
RjBhVzl1TFdSaGRHRXRjM1puTFdWNFlXMXdiR1V0TURFdWMzWm5JaXdpZFhKcEkybHVkR1ZuY21sMGVTSTZJbk5vWVRJMU5pMHdNemR5VG5kSmFWTXZjV1ZMWXpFMmVYaDVNM2hLYkVGWldVWkhkV3d4ZDBwQlkwZHFXR3BFVmt4M1BTSXNJbkJ5YjNCbGNuUnBaWE1pT25zaWIzSnBaVzUwWVhScGIyNGlPaUpzWVc1a2MyTmhjR1VpTENKamIyeHZjbDl6WTJobGJXVWlPaUpzYVdkb2RDSXNJbU52Ym5SeVlYTjBJam9pYm05eWJXRnNJbjE5WFgxOVhTd2lZMnhoYVcxeklqcGJleUp3WVhSb0lqcGJJbVpoYldsc2VWOXVZVzFsSWwwc0ltUnBjM0JzWVhraU9sdDdJbXhoYm
1jaU9pSmxiaTFWVXlJc0lteGhZbVZzSWpvaVRHRnpkQ0J1WVcxbElpd2laR1Z6WTNKcGNIUnBiMjRpT2lKRGRYSnlaVzUwSUd4aGMzUWdibUZ0WlNoektTQnZjaUJ6ZFhKdVlXMWxLSE1wTGlKOVhTd2ljMlFpT2lKaGJIZGhlWE1pTENKemRtZGZhV1FpT2lKbVlXMXBiSGxmYm1GdFpTSjlMSHNpY0dGMGFDSTZXeUpuYVhabGJsOXVZVzFsSWwwc0ltUnBjM0JzWVhraU9sdDdJbXhoYm1jaU9pSmxiaTFWVXlJc0lteGhZbVZzSWpvaVJtbHljM1FnYm1GdFpTSXNJbVJsYzJOeWFYQjBhVzl1SWpvaVEzVnljbVZ1ZENCbWFYSnpkQ0J1WVcxbEtITXBMQ0JwYm1Oc2RXUnBi
bWNnYldsa1pHeGxJRzVoYldVb2N5a2dhV1lnWVhCd2JHbGpZV0pzWlM0aWZWMHNJbk5rSWpvaVlXeDNZWGx6SWl3aWMzWm5YMmxrSWpvaVoybDJaVzVmYm1GdFpTSjlMSHNpY0dGMGFDSTZXeUppYVhKMGFGOWtZWFJsSWwwc0ltUnBjM0JzWVhraU9sdDdJbXhoYm1jaU9pSmxiaTFWVXlJc0lteGhZbVZzSWpvaVJHRjBaU0J2WmlCaWFYSjBhQ0lzSW1SbGMyTnlhWEIwYVc5dUlqb2lSblZzYkNCaWFYSjBhQ0JrWVhSbElDaGtZWGtzSUcxdmJuUm9MQ0I1WldGeUtTNGlmVjBzSW5Oa0lqb2lZV3gzWVhseklpd2ljM1puWDJsa0lqb2lZbWx5ZEdoZlpHRjBaU0o5TEhzaW
NHRjBhQ0k2V3lKaWFYSjBhRjl3YkdGalpTSmRMQ0prYVhOd2JHRjVJanBiZXlKc1lXNW5Jam9pWlc0dFZWTWlMQ0pzWVdKbGJDSTZJbEJzWVdObElHOW1JR0pwY25Sb0lpd2laR1Z6WTNKcGNIUnBiMjRpT2lKRGIzVnVkSEo1SUNoMGQyOHRiR1YwZEdWeUlHTnZaR1VwSUdGdVpDQnZjSFJwYjI1aGJDQnlaV2RwYjI0Z2IzSWdZMmwwZVNCM2FHVnlaU0IwYUdVZ2NHVnljMjl1SUhkaGN5QmliM0p1TGlKOVhTd2ljMlFpT2lKaGJIZGhlWE1pZlN4N0luQmhkR2dpT2xzaWJtRjBhVzl1WVd4cGRIa2lYU3dpWkdsemNHeGhlU0k2VzNzaWJHRnVaeUk2SW1WdUxWVlRJaXdp
YkdGaVpXd2lPaUpPWVhScGIyNWhiR2wwZVNJc0ltUmxjMk55YVhCMGFXOXVJam9pUTI5MWJuUnllU0J2Y2lCamIzVnVkSEpwWlhNZ2IyWWdibUYwYVc5dVlXeHBkSGt1SW4xZExDSnpaQ0k2SW1Gc2QyRjVjeUo5TEhzaWNHRjBhQ0k2V3lKd1pYSnpiMjVoYkY5aFpHMXBibWx6ZEhKaGRHbDJaVjl1ZFcxaVpYSWlYU3dpWkdsemNHeGhlU0k2VzNzaWJHRnVaeUk2SW1WdUxWVlRJaXdpYkdGaVpXd2lPaUpRWlhKemIyNWhiQ0JKUkNJc0ltUmxjMk55YVhCMGFXOXVJam9pVlc1cGNYVmxJSEJsY25OdmJtRnNJR2xrWlc1MGFXWnBaWElnWVhOemFXZHVaV1FnWW5rZ2RHaG
xJR0YxZEdodmNtbDBlUzRpZlYwc0luTmtJam9pWVd4M1lYbHpJaXdpYzNablgybGtJam9pY0dWeWMyOXVZV3hmWVdSdGFXNXBjM1J5WVhScGRtVmZiblZ0WW1WeUluMHNleUp3WVhSb0lqcGJJbkJwWTNSMWNtVWlYU3dpWkdsemNHeGhlU0k2Ym5Wc2JDd2ljMlFpT2lKaGJIZGhlWE1pTENKemRtZGZhV1FpT2lKd2FXTjBkWEpsSW4wc2V5SndZWFJvSWpwYkltSnBjblJvWDJaaGJXbHNlVjl1WVcxbElsMHNJbVJwYzNCc1lYa2lPbHQ3SW14aGJtY2lPaUpsYmkxVlV5SXNJbXhoWW1Wc0lqb2lRbWx5ZEdnZ2JHRnpkQ0J1WVcxbElpd2laR1Z6WTNKcGNIUnBiMjRpT2lK
TVlYTjBJRzVoYldVb2N5a2diM0lnYzNWeWJtRnRaU2h6S1NCaGRDQmlhWEowYUM0aWZWMHNJbk5rSWpvaVlXeDNZWGx6SW4wc2V5SndZWFJvSWpwYkltSnBjblJvWDJkcGRtVnVYMjVoYldVaVhTd2laR2x6Y0d4aGVTSTZXM3NpYkdGdVp5STZJbVZ1TFZWVElpd2liR0ZpWld3aU9pSkNhWEowYUNCbWFYSnpkQ0J1WVcxbElpd2laR1Z6WTNKcGNIUnBiMjRpT2lKR2FYSnpkQ0J1WVcxbEtITXBMQ0JwYm1Oc2RXUnBibWNnYldsa1pHeGxJRzVoYldVb2N5a3NJR0YwSUdKcGNuUm9MaUo5WFN3aWMyUWlPaUpoYkhkaGVYTWlmU3g3SW5CaGRHZ2lPbHNpYzJWNElsMHNJbV
JwYzNCc1lYa2lPbHQ3SW14aGJtY2lPaUpsYmkxVlV5SXNJbXhoWW1Wc0lqb2lVMlY0SWl3aVpHVnpZM0pwY0hScGIyNGlPaUpTWldOdmNtUmxaQ0J6WlhnZ2IzSWdaMlZ1WkdWeUxDQjFjMmx1WnlCemRHRnVaR0Z5WkNCamIyUmxjeTRpZlYwc0luTmtJam9pWVd4M1lYbHpJbjBzZXlKd1lYUm9JanBiSW1WdFlXbHNYMkZrWkhKbGMzTWlYU3dpWkdsemNHeGhlU0k2VzNzaWJHRnVaeUk2SW1WdUxWVlRJaXdpYkdGaVpXd2lPaUpGYldGcGJDSXNJbVJsYzJOeWFYQjBhVzl1SWpvaVVHVnljMjl1SjNNZ1pXMWhhV3dnWVdSa2NtVnpjeTRpZlYwc0luTmtJam9pWVd4M1lY
bHpJbjBzZXlKd1lYUm9JanBiSW0xdlltbHNaVjl3YUc5dVpWOXVkVzFpWlhJaVhTd2laR2x6Y0d4aGVTSTZXM3NpYkdGdVp5STZJbVZ1TFZWVElpd2liR0ZpWld3aU9pSk5iMkpwYkdVaUxDSmtaWE5qY21sd2RHbHZiaUk2SWxCbGNuTnZidUtBbVhNZ2JXOWlhV3hsSUhCb2IyNWxJRzUxYldKbGNpNGlmVjBzSW5Oa0lqb2lZV3gzWVhsekluMHNleUp3WVhSb0lqcGJJbkpsYzJsa1pXNTBYMkZrWkhKbGMzTWlYU3dpWkdsemNHeGhlU0k2VzNzaWJHRnVaeUk2SW1WdUxWVlRJaXdpYkdGaVpXd2lPaUpHZFd4c0lHRmtaSEpsYzNNaUxDSmtaWE5qY21sd2RHbHZiaUk2SW
taMWJHd2dabTl5YldGMGRHVmtJR0ZrWkhKbGMzTWdiMllnY21WemFXUmxibU5sTGlKOVhTd2ljMlFpT2lKaGJIZGhlWE1pZlN4N0luQmhkR2dpT2xzaWNtVnphV1JsYm5SZmMzUnlaV1YwWDJGa1pISmxjM01pWFN3aVpHbHpjR3hoZVNJNlczc2liR0Z1WnlJNkltVnVMVlZUSWl3aWJHRmlaV3dpT2lKU1pYTnBaR1Z1WTJVZ2MzUnlaV1YwSWl3aVpHVnpZM0pwY0hScGIyNGlPaUpUZEhKbFpYUWdibUZ0WlNCdlppQnlaWE5wWkdWdVkyVXVJbjFkTENKelpDSTZJbUZzZDJGNWN5SjlMSHNpY0dGMGFDSTZXeUp5WlhOcFpHVnVkRjlvYjNWelpWOXVkVzFpWlhJaVhTd2la
R2x6Y0d4aGVTSTZXM3NpYkdGdVp5STZJbVZ1TFZWVElpd2liR0ZpWld3aU9pSlNaWE5wWkdWdVkyVWdiblZ0WW1WeUlpd2laR1Z6WTNKcGNIUnBiMjRpT2lKVGRISmxaWFFnYm5WdFltVnlJRzltSUhKbGMybGtaVzVqWlM0aWZWMHNJbk5rSWpvaVlXeDNZWGx6SW4wc2V5SndZWFJvSWpwYkluSmxjMmxrWlc1MFgzQnZjM1JoYkY5amIyUmxJbDBzSW1ScGMzQnNZWGtpT2x0N0lteGhibWNpT2lKbGJpMVZVeUlzSW14aFltVnNJam9pVW1WemFXUmxibU5sSUZwSlVDSXNJbVJsYzJOeWFYQjBhVzl1SWpvaVVHOXpkR0ZzSUc5eUlGcEpVQ0JqYjJSbElHOW1JSEpsYzJsa1
pXNWpaUzRpZlYwc0luTmtJam9pWVd4M1lYbHpJbjBzZXlKd1lYUm9JanBiSW5KbGMybGtaVzUwWDJOcGRIa2lYU3dpWkdsemNHeGhlU0k2VzNzaWJHRnVaeUk2SW1WdUxWVlRJaXdpYkdGaVpXd2lPaUpEYVhSNUlHOW1JSEpsYzJsa1pXNWpaU0lzSW1SbGMyTnlhWEIwYVc5dUlqb2lUWFZ1YVdOcGNHRnNhWFI1TENCamFYUjVMQ0IwYjNkdUxDQnZjaUIyYVd4c1lXZGxJRzltSUhKbGMybGtaVzVqWlM0aWZWMHNJbk5rSWpvaVlXeDNZWGx6SW4wc2V5SndZWFJvSWpwYkluSmxjMmxrWlc1MFgzTjBZWFJsSWwwc0ltUnBjM0JzWVhraU9sdDdJbXhoYm1jaU9pSmxiaTFW
VXlJc0lteGhZbVZzSWpvaVUzUmhkR1VnYjJZZ2NtVnphV1JsYm1ObElpd2laR1Z6WTNKcGNIUnBiMjRpT2lKVGRHRjBaU3dnY0hKdmRtbHVZMlVzSUc5eUlISmxaMmx2Ym1Gc0lHUnBkbWx6YVc5dUlHOW1JSEpsYzJsa1pXNWpaUzRpZlYwc0luTmtJam9pWVd4M1lYbHpJbjBzZXlKd1lYUm9JanBiSW5KbGMybGtaVzUwWDJOdmRXNTBjbmtpWFN3aVpHbHpjR3hoZVNJNlczc2liR0Z1WnlJNkltVnVMVlZUSWl3aWJHRmlaV3dpT2lKRGIzVnVkSEo1SUc5bUlISmxjMmxrWlc1alpTSXNJbVJsYzJOeWFYQjBhVzl1SWpvaVEyOTFiblJ5ZVNCM2FHVnlaU0IwYUdVZ2NHVn
ljMjl1SUdOMWNuSmxiblJzZVNCeVpYTnBaR1Z6TGlKOVhTd2ljMlFpT2lKaGJIZGhlWE1pZlN4N0luQmhkR2dpT2xzaVlXZGxYMjkyWlhKZk1UUWlYU3dpWkdsemNHeGhlU0k2VzNzaWJHRnVaeUk2SW1WdUxWVlRJaXdpYkdGaVpXd2lPaUpCWjJVZ2IzWmxjaUF4TkNJc0ltUmxjMk55YVhCMGFXOXVJam9pU1c1a2FXTmhkR1Z6SUdsbUlIUm9aU0J3WlhKemIyNGdhWE1nTVRRZ2VXVmhjbk1nYjJ4a0lHOXlJRzlzWkdWeUxpSjlYU3dpYzJRaU9pSmhiSGRoZVhNaWZTeDdJbkJoZEdnaU9sc2lZV2RsWDI5MlpYSmZNVFlpWFN3aVpHbHpjR3hoZVNJNlczc2liR0Z1WnlJ
NkltVnVMVlZUSWl3aWJHRmlaV3dpT2lKQloyVWdiM1psY2lBeE5pSXNJbVJsYzJOeWFYQjBhVzl1SWpvaVNXNWthV05oZEdWeklHbG1JSFJvWlNCd1pYSnpiMjRnYVhNZ01UWWdlV1ZoY25NZ2IyeGtJRzl5SUc5c1pHVnlMaUo5WFN3aWMyUWlPaUpoYkhkaGVYTWlmU3g3SW5CaGRHZ2lPbHNpWVdkbFgyOTJaWEpmTVRnaVhTd2laR2x6Y0d4aGVTSTZXM3NpYkdGdVp5STZJbVZ1TFZWVElpd2liR0ZpWld3aU9pSkJaMlVnYjNabGNpQXhPQ0lzSW1SbGMyTnlhWEIwYVc5dUlqb2lTVzVrYVdOaGRHVnpJR2xtSUhSb1pTQndaWEp6YjI0Z2FYTWdNVGdnZVdWaGNuTWdiMn
hrSUc5eUlHOXNaR1Z5TGlKOVhTd2ljMlFpT2lKaGJIZGhlWE1pZlN4N0luQmhkR2dpT2xzaVlXZGxYMjkyWlhKZk1qRWlYU3dpWkdsemNHeGhlU0k2VzNzaWJHRnVaeUk2SW1WdUxWVlRJaXdpYkdGaVpXd2lPaUpCWjJVZ2IzWmxjaUF5TVNJc0ltUmxjMk55YVhCMGFXOXVJam9pU1c1a2FXTmhkR1Z6SUdsbUlIUm9aU0J3WlhKemIyNGdhWE1nTWpFZ2VXVmhjbk1nYjJ4a0lHOXlJRzlzWkdWeUxpSjlYU3dpYzJRaU9pSmhiSGRoZVhNaWZTeDdJbkJoZEdnaU9sc2lZV2RsWDI5MlpYSmZOalVpWFN3aVpHbHpjR3hoZVNJNlczc2liR0Z1WnlJNkltVnVMVlZUSWl3aWJH
RmlaV3dpT2lKQloyVWdiM1psY2lBMk5TSXNJbVJsYzJOeWFYQjBhVzl1SWpvaVNXNWthV05oZEdWeklHbG1JSFJvWlNCd1pYSnpiMjRnYVhNZ05qVWdlV1ZoY25NZ2IyeGtJRzl5SUc5c1pHVnlMaUo5WFN3aWMyUWlPaUpoYkhkaGVYTWlmU3g3SW5CaGRHZ2lPbHNpWVdkbFgybHVYM2xsWVhKeklsMHNJbVJwYzNCc1lYa2lPbHQ3SW14aGJtY2lPaUpsYmkxVlV5SXNJbXhoWW1Wc0lqb2lRV2RsSWl3aVpHVnpZM0pwY0hScGIyNGlPaUpRWlhKemIyNG5jeUJoWjJVZ2FXNGdZMjl0Y0d4bGRHVmtJSGxsWVhKekxpSjlYU3dpYzJRaU9pSmhiSGRoZVhNaWZTeDdJbkJoZE
dnaU9sc2lZV2RsWDJKcGNuUm9YM2xsWVhJaVhTd2laR2x6Y0d4aGVTSTZXM3NpYkdGdVp5STZJbVZ1TFZWVElpd2liR0ZpWld3aU9pSkNhWEowYUNCNVpXRnlJaXdpWkdWelkzSnBjSFJwYjI0aU9pSlpaV0Z5SUdsdUlIZG9hV05vSUhSb1pTQndaWEp6YjI0Z2QyRnpJR0p2Y200dUluMWRMQ0p6WkNJNkltRnNkMkY1Y3lKOUxIc2ljR0YwYUNJNld5SnBjM04xYVc1blgyRjFkR2h2Y21sMGVTSmRMQ0prYVhOd2JHRjVJanBiZXlKc1lXNW5Jam9pWlc0dFZWTWlMQ0pzWVdKbGJDSTZJa2x6YzNWcGJtY2dZWFYwYUc5eWFYUjVJaXdpWkdWelkzSnBjSFJwYjI0aU9pSk9Z
VzFsSUc5bUlIUm9aU0JwYzNOMWFXNW5JR0p2WkhrZ2IzSWdUV1Z0WW1WeUlGTjBZWFJsSUNoMGQyOHRiR1YwZEdWeUlHTnZaR1VwTGlKOVhTd2ljMlFpT2lKdVpYWmxjaUo5TEhzaWNHRjBhQ0k2V3lKcGMzTjFhVzVuWDJOdmRXNTBjbmtpWFN3aVpHbHpjR3hoZVNJNlczc2liR0Z1WnlJNkltVnVMVlZUSWl3aWJHRmlaV3dpT2lKSmMzTjFhVzVuSUdOdmRXNTBjbmtpTENKa1pYTmpjbWx3ZEdsdmJpSTZJazFsYldKbGNpQlRkR0YwWlNCM2FHVnlaU0IwYUdVZ1pHOWpkVzFsYm5RZ2QyRnpJR2x6YzNWbFpDNGlmVjBzSW5Oa0lqb2libVYyWlhJaUxDSnpkbWRmYVdRaU
9pSnBjM04xYVc1blgyTnZkVzUwY25raWZTeDdJbkJoZEdnaU9sc2laWGh3YVhKNVgyUmhkR1VpWFN3aVpHbHpjR3hoZVNJNlczc2liR0Z1WnlJNkltVnVMVlZUSWl3aWJHRmlaV3dpT2lKRmVIQnBjbmtnWkdGMFpTSXNJbVJsYzJOeWFYQjBhVzl1SWpvaVJXNWtJR1JoZEdVZ2IyWWdkR2hsSUdSdlkzVnRaVzUwNG9DWmN5QjJZV3hwWkdsMGVTNGlmVjBzSW5Oa0lqb2libVYyWlhJaUxDSnpkbWRmYVdRaU9pSmxlSEJwY25sZlpHRjBaU0o5TEhzaWNHRjBhQ0k2V3lKcGMzTjFZVzVqWlY5a1lYUmxJbDBzSW1ScGMzQnNZWGtpT2x0N0lteGhibWNpT2lKbGJpMVZVeUlz
SW14aFltVnNJam9pU1hOemRXVWdaR0YwWlNJc0ltUmxjMk55YVhCMGFXOXVJam9pVTNSaGNuUWdaR0YwWlNCdlppQjBhR1VnWkc5amRXMWxiblRpZ0pseklIWmhiR2xrYVhSNUxpSjlYU3dpYzJRaU9pSmhiSGRoZVhNaWZTeDdJbkJoZEdnaU9sc2laRzlqZFcxbGJuUmZiblZ0WW1WeUlsMHNJbVJwYzNCc1lYa2lPbHQ3SW14aGJtY2lPaUpsYmkxVlV5SXNJbXhoWW1Wc0lqb2lSRzlqZFcxbGJuUWdiblZ0WW1WeUlpd2laR1Z6WTNKcGNIUnBiMjRpT2lKVmJtbHhkV1VnYVdSbGJuUnBabWxsY2lCdlppQjBhR1VnVUVsRUlHUnZZM1Z0Wlc1MExpSjlYU3dpYzJRaU9pSm
hiSGRoZVhNaUxDSnpkbWRmYVdRaU9pSmtiMk4xYldWdWRGOXVkVzFpWlhJaWZTeDdJbkJoZEdnaU9sc2lhWE56ZFdsdVoxOXFkWEpwYzJScFkzUnBiMjRpWFN3aVpHbHpjR3hoZVNJNlczc2liR0Z1WnlJNkltVnVMVlZUSWl3aWJHRmlaV3dpT2lKSmMzTjFhVzVuSUhKbFoybHZiaUlzSW1SbGMyTnlhWEIwYVc5dUlqb2lVbVZuYVc5dVlXd2diM0lnYkc5allXd2djM1ZpWkdsMmFYTnBiMjRnZEdoaGRDQnBjM04xWldRZ2RHaGxJR1J2WTNWdFpXNTBMaUo5WFN3aWMyUWlPaUp1WlhabGNpSjlMSHNpY0dGMGFDSTZXeUowY25WemRGOWhibU5vYjNJaVhTd2laR2x6Y0d4
aGVTSTZiblZzYkN3aWMyUWlPaUp1WlhabGNpSjlYU3dpYzJOb1pXMWhYM1Z5YkNJNklpSXNJbk5qYUdWdFlWOTFjbXdqYVc1MFpXZHlhWFI1SWpvaUlpd2laWGgwWlc1a2N5STZJaUlzSW1WNGRHVnVaSE1qYVc1MFpXZHlhWFI1SWpvaUluMD0iXX0.eyJfc2QiOlsiYTBUdTNOODFNZUNXanNDXzdwc3lQNEkxb3Rhc0ZFNXRpTzFSUldnT09XVSIsInhkUTdNR3dBNkp6RXA1T1FpZEZSVHZNQTNpUF9VRXBEa1RiMTdzTlU0bjgiLCI4LTZvY0JDbV93S1NocUtIMUstdE5aN3VhdGZodVpfbS00bGJjdE5tOEVzIiwiSEwyckNlYnJzZnU4emNlUWFWc1BqTkdHNHNEcVBLV1
dRc19iM3dKQXk0ayIsImdWSTQ1NUV1N3ZlSVVNQWVCUWpCdjNKYkp4eUYtUDg5Z2RubURraGFSLXMiLCJzOFREcHB6YzlqaVNtNi16X1ZBRVJCNEs2cjNoak1sWXg3bFJyZGhHOTB3IiwieTJJQlNvamNnN2Fjbi1fUFBKREo4b09ERnlIOTNGbEtnNFJrX2tUbHROcyIsInVOQTBSaVJNNTBhUjNZcEUxR3g1NTBVbGxuZWNSYkZuSUtVUHByLThtRUUiLCJmNFIxMUhvMzMwWWE4WWstRFJDR3ZyQUdFTk01akZlOVFuUDRqTkc2aUpnIiwiV1BtWldHNHZnX0RyU2IzbXotVU51WC1XY2lhMXZjR0J4S3NEWmZva3E1TSIsIkZvZW1BTUUtMnp5bFdhVGVHT1BKZWp0VzJGZVBa
YWxXemxmell5QXlJSTAiLCJ6RUowUXdZdW1BSE00Q0pnVjNmWGEyeHg2M1NDRmtXREs5Wk5MZ1dVVVFJIiwiTWFpU1BRWV9MU2NxdUJDNG0xcFE4c3M4NkNxcW9CNmdCUTJvOUlXbVl3ZyIsIkZLWHRIUThlY1pNVnE0V1V1Q0gtU0RkdlNPcGE2WHgtR1UxeWk5TWlsSHciLCJtT0dVcG9UOGVINnllaC1qYWhQNEZqeGJnenFOZ1ZUTjZrc3dhdEZ6VGRRIiwiQ29KX0pmQkYxdi1MMmZUa0xKRzd5S29NUHNHTVd0aGhyaWlsNDFOVmljZyIsInRJQmNMOE1QazhNeDVVa2tnczZRaGJNTDJOMFdnOEk1djVNUzdVd0VDZTAiLCJIZ1lrbXZobXRvX0RiekFTS3BocWhhTS1fT1
phdEFFcHpEYzdIUVN6YzJRIiwiQi15Z1dKNHFBVmRoYnJGVmRiX3VaQjFkSDRvNVFWY09TS0NpWmk4N3JjRSIsIlBqRnN0ZEdoeXdiMVptb0pZOTJ2WWh3VjdjdnVldmdXdlVqTlJuYThia1kiLCJ2UThtRG1jSWhpamNhSFBESW9TUzdYNWU5SGRwcFg2cVluUGRROTR4RDdFIiwiTGRpZG5KZzRsVjdqcmRsNi1penExV3pldFFISHozcjZBczExRmNZSDFsayIsImRGS1JPT2NTUmpLM2YtbnJvWnJqb2hrSkFfcDh2a09NMHU4ZGhWNUE4WGsiLCJCVnhIRmhLZldZd1gxNnh0SElSdTF5X3VLZk41Y0xYUjRISVFVeW84MkxVIiwiWU92cGhzM3lJZ0tsaC1KTHpvMUR4aU5a
ZC1MTXZWNGRVTzB0ZHlYT1BacyIsImJsbjZxRFVQQUVoWTRSRmhFdnVvSklPblBISEl1aS1KZ0NVM0k1RGI5M2MiLCI0OUF4ekUtUm1QUEpOcnRPMFM5eXE3ZVVBY2RwY00zVGlvazZhNmFnbXJZIiwiellJXzN2MHJndVE4VWZHMGVkSjJleHhwZFpxengxYWdrNzRJN2VfMFBXQSJdLCJfc2RfYWxnIjoic2hhLTI1NiIsImF1dGhlbnRpY19zb3VyY2VfcGVyc29uX2lkIjoiYXV0aGVudGljX3NvdXJjZV9wZXJzb25faWRfMTAyIiwiY25mIjp7Imp3ayI6eyJjcnYiOiJQLTI1NiIsImt0eSI6IkVDIiwieCI6ImJHdlBjVVg0WFRTS1d5LVU2cVBWTlU1MmlTT2o2bmdqak
p4NkhTaHdGc00iLCJ5IjoicFlVeFhnVEhjRTN2QWdoT251ZlNZVE9qUFlTRkpEVWt1c2dXOEQybEgyUSIsImtleV9vcHMiOlsidmVyaWZ5Il0sImV4dCI6dHJ1ZX19LCJleHAiOjE3ODI5MTA1OTcsImV4cGlyeV9kYXRlIjoiMjAzMy0wMS0wMSIsImlzcyI6Imh0dHBzOi8vdmMtaW50ZXJvcC0zLnN1bmV0LnNlIiwiaXNzdWluZ19hdXRob3JpdHkiOiJTVU5FVCIsImlzc3VpbmdfY291bnRyeSI6IlNFIiwibmJmIjoxNzUxMzc0NTk3LCJzY2hlbWEiOnsibmFtZSI6IkRlZmF1bHRTY2hlbWEifSwidmN0IjoidXJuOmV1ZGk6cGlkOjEifQ.YTerS637ztjVbgwEV9wD7
dv3iO--k8aqn7fq1u0WwMBsBjh2y1se3e908Xv4PRczEBsRbcRcekMA22d2WlgZAQ~WyJsejMzM3AxTE5Cc2JwTXlkY00wME9RIiwiZ2l2ZW5fbmFtZSIsIkdhcnkiXQ~WyJMWnJQeE5BNGhOYnVNYnRKamdLTTF3IiwiZmFtaWx5X25hbWUiLCJPbGRtYW4iXQ~eyJ0eXAiOiJrYitqd3QiLCJhbGciOiJFUzI1NiJ9.eyJub25jZSI6Img5eVdScldFaGFrU3dvdkNORVJhYzktaWFFYmcySFpuS1NkX2tIYjFaVFk9IiwiYXVkIjoiMTAwMyIsInNkX2hhc2giOiJmUUVDeVhNemVDeHlWS2gxRDRQOVhIZzVnYTZpVENwaXhZT19IM2FZeDdjIiwiaWF0IjoxNzUxNDQzMTY1f
Q.FdefGwmNKxGSlOcAn-U1hBmr-NS90qq10Z7klmfJEQq3YSkC-iK7fiIE-Rp5u9fJWOE3BLX4Uav1ZmmhlWxCww