{
  "credentialProfiles": {
    "id": "test-credential-profiles-id",
    "inScheme": {
      "id": "test-in-scheme-id",
      "type": "test-in-scheme-type"
    },
    "notation": "test-notation",
    "prefLabel": {
      "en": "test-pref-label-en"
    },
    "type": "test-credential-profiles-type"
  },
  "credentialSchema": {
    "id": "test-credential-schema-id",
    "inScheme": {
      "id": "",
      "type": ""
    },
    "notation": "",
    "prefLabel": {
      "en": ""
    },
    "type": "test-credential-schema-type"
  },
  "credentialSubject": {
    "dateOfBirth": "test-date-of-birth",
    "hasClaim": {
      "awardedBy": {
        "awardingBody": {
          "homepage": {
            "id": "",
            "inScheme": {
              "id": "",
              "type": ""
            },
            "notation": "",
            "prefLabel": {
              "en": ""
            },
            "type": ""
          },
          "id": "test-awarding-body-id",
          "identifier": null,
          "legalName": null,
          "location": {
            "address": {
              "countryCode": {
                "id": "",
                "inScheme": {
                  "id": "",
                  "type": ""
                },
                "notation": "",
                "prefLabel": {
                  "en": ""
                },
                "type": ""
              },
              "id": "",
              "type": ""
            },
            "id": "",
            "type": ""
          },
          "type": "test-awarding-body-type"
        },
        "awardingDate": "test-awarding-date",
        "id": "test-awarded-by-id",
        "type": "test-awarded-by-type",
        "used": {
          "assessedBy": {
            "homepage": {
              "id": "",
              "inScheme": {
                "id": "",
                "type": ""
              },
              "notation": "",
              "prefLabel": {
                "en": ""
              },
              "type": ""
            },
            "id": "",
            "identifier": null,
            "legalName": null,
            "location": {
              "address": {
                "countryCode": {
                  "id": "",
                  "inScheme": {
                    "id": "",
                    "type": ""
                  },
                  "notation": "",
                  "prefLabel": {
                    "en": ""
                  },
                  "type": ""
                },
                "id": "",
                "type": ""
              },
              "id": "",
              "type": ""
            },
            "type": ""
          },
          "id": "",
          "type": ""
        }
      },
      "grade": {
        "id": "test-grade-id",
        "noteFormat": {
          "definition": {
            "UND": ""
          },
          "id": "",
          "type": ""
        },
        "noteLiteral": "test-note-literal",
        "type": "test-grade-type"
      },
      "id": "test-has-claim-id",
      "type": "test-has-claim-type"
    },
    "id": "test-credential-subject-id",
    "type": "test-credential-subject-type"
  },
  "displayParameter": null,
  "type": [
    "VerifiableCredential",
    "EuropeanDigitalCredential"
  ]
}
