{
  "awarding_body": {
    "legalName": "test-legal-name",
    "taxIdentifier": "test-tax-identifier",
    "title": "test-title",
    "url": "test-url"
  },
  "country_or_region_of_the_issuer": {
    "country": "test-country"
  },
  "dateOfIssuing": "test-date-of-issuing",
  "education_level": {
    "educationLevel": "test-education-level",
    "educationSubject": "test-education-subject",
    "eqfLevel": "test-eqf-level",
    "qfLevel": "test-qf-level"
  },
  "form_of_participation": {
    "mode": "test-mode",
    "type": "test-type"
  },
  "gradeAchieved": "test-grade-achieved",
  "identification_of_the_learner": {
    "citizenship": "test-citizenship",
    "contactInformation": "test-contact-information",
    "dateOfBirth": "test-date-of-birth",
    "familyName": "test-family-name",
    "givenNames": "test-given-names",
    "nationalId": "test-national-id"
  },
  "integrationStackabilityOptions": "test-integration-stackability-options",
  "learning_outcomes": {
    "moreInformation": "test-more-information",
    "relatedESCOskills": "test-related-escoskills",
    "relatedSkills": "test-related-skills",
    "reusabilityLevel": "test-reusability-level",
    "title": "test-title",
    "type": "test-type"
  },
  "link": "test-link",
  "notionalWorkload": "test-notional-workload",
  "prerequisites": "test-prerequisites",
  "quality_assurance": {
    "identifier": "test-identifier",
    "title": "test-title",
    "type": "test-type"
  },
  "supervisionAndIdentityVerification": "test-supervision-and-identity-verification",
  "title_of_the_micro_credential": {
    "iscedCode": "test-isced-code",
    "title": "test-title"
  },
  "type_of_assessment": {
    "description": "test-description",
    "grade": "test-grade",
    "type": "test-type"
  }
}